2026-01-01T11:22:17.310+05:30  INFO 7359 --- [LibMgmntSystem] [main] com.lms.demo.LibMgmntSystemApplication   : Starting LibMgmntSystemApplication using Java 17.0.17 with PID 7359 (/home/guhan/LmsBackend/target/classes started by guhan in /home/guhan/LmsBackend)
2026-01-01T11:22:17.323+05:30  INFO 7359 --- [LibMgmntSystem] [main] com.lms.demo.LibMgmntSystemApplication   : No active profile set, falling back to 1 default profile: "default"
2026-01-01T11:22:20.536+05:30  INFO 7359 --- [LibMgmntSystem] [main] .s.d.r.c.RepositoryConfigurationDelegate : Multiple Spring Data modules found, entering strict repository configuration mode
2026-01-01T11:22:20.538+05:30  INFO 7359 --- [LibMgmntSystem] [main] .s.d.r.c.RepositoryConfigurationDelegate : Bootstrapping Spring Data JDBC repositories in DEFAULT mode.
2026-01-01T11:22:20.578+05:30  INFO 7359 --- [LibMgmntSystem] [main] .RepositoryConfigurationExtensionSupport : Spring Data JDBC - Could not safely identify store assignment for repository candidate interface com.lms.demo.repository.BookRepository; If you want this repository to be a JDBC repository, consider annotating your entities with one of these annotations: org.springframework.data.relational.core.mapping.Table.
2026-01-01T11:22:20.579+05:30  INFO 7359 --- [LibMgmntSystem] [main] .RepositoryConfigurationExtensionSupport : Spring Data JDBC - Could not safely identify store assignment for repository candidate interface com.lms.demo.repository.IssueRepository; If you want this repository to be a JDBC repository, consider annotating your entities with one of these annotations: org.springframework.data.relational.core.mapping.Table.
2026-01-01T11:22:20.581+05:30  INFO 7359 --- [LibMgmntSystem] [main] .RepositoryConfigurationExtensionSupport : Spring Data JDBC - Could not safely identify store assignment for repository candidate interface com.lms.demo.repository.UserRepository; If you want this repository to be a JDBC repository, consider annotating your entities with one of these annotations: org.springframework.data.relational.core.mapping.Table.
2026-01-01T11:22:20.582+05:30  INFO 7359 --- [LibMgmntSystem] [main] .s.d.r.c.RepositoryConfigurationDelegate : Finished Spring Data repository scanning in 35 ms. Found 0 JDBC repository interfaces.
2026-01-01T11:22:20.628+05:30  INFO 7359 --- [LibMgmntSystem] [main] .s.d.r.c.RepositoryConfigurationDelegate : Multiple Spring Data modules found, entering strict repository configuration mode
2026-01-01T11:22:20.645+05:30  INFO 7359 --- [LibMgmntSystem] [main] .s.d.r.c.RepositoryConfigurationDelegate : Bootstrapping Spring Data JPA repositories in DEFAULT mode.
2026-01-01T11:22:20.705+05:30  INFO 7359 --- [LibMgmntSystem] [main] .s.d.r.c.RepositoryConfigurationDelegate : Finished Spring Data repository scanning in 54 ms. Found 3 JPA repository interfaces.
2026-01-01T11:22:22.009+05:30  INFO 7359 --- [LibMgmntSystem] [main] o.s.boot.tomcat.TomcatWebServer          : Tomcat initialized with port 6902 (http)
2026-01-01T11:22:22.027+05:30  INFO 7359 --- [LibMgmntSystem] [main] o.apache.catalina.core.StandardService   : Starting service [Tomcat]
2026-01-01T11:22:22.027+05:30  INFO 7359 --- [LibMgmntSystem] [main] o.apache.catalina.core.StandardEngine    : Starting Servlet engine: [Apache Tomcat/11.0.15]
2026-01-01T11:22:22.314+05:30  INFO 7359 --- [LibMgmntSystem] [main] b.w.c.s.WebApplicationContextInitializer : Root WebApplicationContext: initialization completed in 4640 ms
2026-01-01T11:22:22.744+05:30  INFO 7359 --- [LibMgmntSystem] [main] org.hibernate.orm.jpa                    : HHH008540: Processing PersistenceUnitInfo [name: default]
2026-01-01T11:22:22.914+05:30  INFO 7359 --- [LibMgmntSystem] [main] org.hibernate.orm.core                   : HHH000001: Hibernate ORM core version 7.2.0.Final
2026-01-01T11:22:24.281+05:30  INFO 7359 --- [LibMgmntSystem] [main] o.s.o.j.p.SpringPersistenceUnitInfo      : No LoadTimeWeaver setup: ignoring JPA class transformer
2026-01-01T11:22:24.315+05:30  INFO 7359 --- [LibMgmntSystem] [main] com.zaxxer.hikari.HikariDataSource       : HikariPool-1 - Starting...
2026-01-01T11:22:27.064+05:30  INFO 7359 --- [LibMgmntSystem] [main] com.zaxxer.hikari.pool.HikariPool        : HikariPool-1 - Added connection com.mysql.cj.jdbc.ConnectionImpl@14d1032a
2026-01-01T11:22:27.067+05:30  INFO 7359 --- [LibMgmntSystem] [main] com.zaxxer.hikari.HikariDataSource       : HikariPool-1 - Start completed.
2026-01-01T11:22:27.587+05:30  INFO 7359 --- [LibMgmntSystem] [main] org.hibernate.orm.connections.pooling    : HHH10001005: Database info:
	Database JDBC URL [jdbc:mysql://localhost:3306/lms]
	Database driver: MySQL Connector/J
	Database dialect: MySQLDialect
	Database version: 8.0.44
	Default catalog/schema: lms/undefined
	Autocommit mode: undefined/unknown
	Isolation level: REPEATABLE_READ [default REPEATABLE_READ]
	JDBC fetch size: none
	Pool: DataSourceConnectionProvider
	Minimum pool size: undefined/unknown
	Maximum pool size: undefined/unknown
2026-01-01T11:22:29.604+05:30  INFO 7359 --- [LibMgmntSystem] [main] org.hibernate.orm.core                   : HHH000489: No JTA platform available (set 'hibernate.transaction.jta.platform' to enable JTA platform integration)
2026-01-01T11:22:29.934+05:30  INFO 7359 --- [LibMgmntSystem] [main] j.LocalContainerEntityManagerFactoryBean : Initialized JPA EntityManagerFactory for persistence unit 'default'
2026-01-01T11:22:30.136+05:30  INFO 7359 --- [LibMgmntSystem] [main] o.s.d.j.r.query.QueryEnhancerFactories   : Hibernate is in classpath; If applicable, HQL parser will be used.
2026-01-01T11:22:30.804+05:30  WARN 7359 --- [LibMgmntSystem] [main] JpaBaseConfiguration$JpaWebConfiguration : spring.jpa.open-in-view is enabled by default. Therefore, database queries may be performed during view rendering. Explicitly configure spring.jpa.open-in-view to disable this warning
2026-01-01T11:22:30.904+05:30  WARN 7359 --- [LibMgmntSystem] [main] .s.a.UserDetailsServiceAutoConfiguration : 

Using generated security password: 8dd29616-c8ed-4524-84ae-72ab78fa48da

This generated password is for development use only. Your security configuration must be updated before running your application in production.

2026-01-01T11:22:30.912+05:30  INFO 7359 --- [LibMgmntSystem] [main] r$InitializeUserDetailsManagerConfigurer : Global AuthenticationManager configured with UserDetailsService bean with name inMemoryUserDetailsManager
2026-01-01T11:22:31.951+05:30  INFO 7359 --- [LibMgmntSystem] [main] o.s.boot.tomcat.TomcatWebServer          : Tomcat started on port 6902 (http) with context path '/'
2026-01-01T11:22:31.966+05:30  INFO 7359 --- [LibMgmntSystem] [main] com.lms.demo.LibMgmntSystemApplication   : Started LibMgmntSystemApplication in 16.099 seconds (process running for 23.736)
2026-01-01T11:26:14.117+05:30  INFO 7359 --- [LibMgmntSystem] [http-nio-6902-exec-2] o.a.c.c.C.[Tomcat].[localhost].[/]       : Initializing Spring DispatcherServlet 'dispatcherServlet'
2026-01-01T11:26:14.118+05:30  INFO 7359 --- [LibMgmntSystem] [http-nio-6902-exec-2] o.s.web.servlet.DispatcherServlet        : Initializing Servlet 'dispatcherServlet'
2026-01-01T11:26:14.120+05:30  INFO 7359 --- [LibMgmntSystem] [http-nio-6902-exec-2] o.s.web.servlet.DispatcherServlet        : Completed initialization in 2 ms
2026-01-01T11:36:31.700+05:30  INFO 7359 --- [LibMgmntSystem] [SpringApplicationShutdownHook] o.s.boot.tomcat.GracefulShutdown         : Commencing graceful shutdown. Waiting for active requests to complete
2026-01-01T11:36:31.704+05:30  INFO 7359 --- [LibMgmntSystem] [tomcat-shutdown] o.s.boot.tomcat.GracefulShutdown         : Graceful shutdown complete
2026-01-01T11:36:31.711+05:30  INFO 7359 --- [LibMgmntSystem] [SpringApplicationShutdownHook] j.LocalContainerEntityManagerFactoryBean : Closing JPA EntityManagerFactory for persistence unit 'default'
2026-01-01T11:36:31.715+05:30  INFO 7359 --- [LibMgmntSystem] [SpringApplicationShutdownHook] com.zaxxer.hikari.HikariDataSource       : HikariPool-1 - Shutdown initiated...
2026-01-01T11:36:31.726+05:30  INFO 7359 --- [LibMgmntSystem] [SpringApplicationShutdownHook] com.zaxxer.hikari.HikariDataSource       : HikariPool-1 - Shutdown completed.
2026-01-01T11:51:35.926+05:30  INFO 9427 --- [LibMgmntSystem] [main] com.lms.demo.LibMgmntSystemApplication   : Starting LibMgmntSystemApplication using Java 17.0.17 with PID 9427 (/home/guhan/LmsBackend/target/classes started by guhan in /home/guhan/LmsBackend)
2026-01-01T11:51:35.991+05:30  INFO 9427 --- [LibMgmntSystem] [main] com.lms.demo.LibMgmntSystemApplication   : No active profile set, falling back to 1 default profile: "default"
2026-01-01T11:51:40.047+05:30  INFO 9427 --- [LibMgmntSystem] [main] .s.d.r.c.RepositoryConfigurationDelegate : Multiple Spring Data modules found, entering strict repository configuration mode
2026-01-01T11:51:40.050+05:30  INFO 9427 --- [LibMgmntSystem] [main] .s.d.r.c.RepositoryConfigurationDelegate : Bootstrapping Spring Data JDBC repositories in DEFAULT mode.
2026-01-01T11:51:40.107+05:30  INFO 9427 --- [LibMgmntSystem] [main] .RepositoryConfigurationExtensionSupport : Spring Data JDBC - Could not safely identify store assignment for repository candidate interface com.lms.demo.repository.BookRepository; If you want this repository to be a JDBC repository, consider annotating your entities with one of these annotations: org.springframework.data.relational.core.mapping.Table.
2026-01-01T11:51:40.110+05:30  INFO 9427 --- [LibMgmntSystem] [main] .RepositoryConfigurationExtensionSupport : Spring Data JDBC - Could not safely identify store assignment for repository candidate interface com.lms.demo.repository.IssueRepository; If you want this repository to be a JDBC repository, consider annotating your entities with one of these annotations: org.springframework.data.relational.core.mapping.Table.
2026-01-01T11:51:40.112+05:30  INFO 9427 --- [LibMgmntSystem] [main] .RepositoryConfigurationExtensionSupport : Spring Data JDBC - Could not safely identify store assignment for repository candidate interface com.lms.demo.repository.UserRepository; If you want this repository to be a JDBC repository, consider annotating your entities with one of these annotations: org.springframework.data.relational.core.mapping.Table.
2026-01-01T11:51:40.113+05:30  INFO 9427 --- [LibMgmntSystem] [main] .s.d.r.c.RepositoryConfigurationDelegate : Finished Spring Data repository scanning in 52 ms. Found 0 JDBC repository interfaces.
2026-01-01T11:51:40.284+05:30  INFO 9427 --- [LibMgmntSystem] [main] .s.d.r.c.RepositoryConfigurationDelegate : Multiple Spring Data modules found, entering strict repository configuration mode
2026-01-01T11:51:40.287+05:30  INFO 9427 --- [LibMgmntSystem] [main] .s.d.r.c.RepositoryConfigurationDelegate : Bootstrapping Spring Data JPA repositories in DEFAULT mode.
2026-01-01T11:51:40.395+05:30  INFO 9427 --- [LibMgmntSystem] [main] .s.d.r.c.RepositoryConfigurationDelegate : Finished Spring Data repository scanning in 94 ms. Found 3 JPA repository interfaces.
2026-01-01T11:51:41.401+05:30  INFO 9427 --- [LibMgmntSystem] [main] o.s.boot.tomcat.TomcatWebServer          : Tomcat initialized with port 6902 (http)
2026-01-01T11:51:41.430+05:30  INFO 9427 --- [LibMgmntSystem] [main] o.apache.catalina.core.StandardService   : Starting service [Tomcat]
2026-01-01T11:51:41.430+05:30  INFO 9427 --- [LibMgmntSystem] [main] o.apache.catalina.core.StandardEngine    : Starting Servlet engine: [Apache Tomcat/11.0.15]
2026-01-01T11:51:41.495+05:30  INFO 9427 --- [LibMgmntSystem] [main] b.w.c.s.WebApplicationContextInitializer : Root WebApplicationContext: initialization completed in 5232 ms
2026-01-01T11:51:41.883+05:30  INFO 9427 --- [LibMgmntSystem] [main] org.hibernate.orm.jpa                    : HHH008540: Processing PersistenceUnitInfo [name: default]
2026-01-01T11:51:42.051+05:30  INFO 9427 --- [LibMgmntSystem] [main] org.hibernate.orm.core                   : HHH000001: Hibernate ORM core version 7.2.0.Final
2026-01-01T11:51:42.885+05:30  INFO 9427 --- [LibMgmntSystem] [main] o.s.o.j.p.SpringPersistenceUnitInfo      : No LoadTimeWeaver setup: ignoring JPA class transformer
2026-01-01T11:51:42.945+05:30  INFO 9427 --- [LibMgmntSystem] [main] com.zaxxer.hikari.HikariDataSource       : HikariPool-1 - Starting...
2026-01-01T11:51:43.898+05:30  INFO 9427 --- [LibMgmntSystem] [main] com.zaxxer.hikari.pool.HikariPool        : HikariPool-1 - Added connection com.mysql.cj.jdbc.ConnectionImpl@464d5365
2026-01-01T11:51:43.900+05:30  INFO 9427 --- [LibMgmntSystem] [main] com.zaxxer.hikari.HikariDataSource       : HikariPool-1 - Start completed.
2026-01-01T11:51:44.109+05:30  INFO 9427 --- [LibMgmntSystem] [main] org.hibernate.orm.connections.pooling    : HHH10001005: Database info:
	Database JDBC URL [jdbc:mysql://localhost:3306/lms]
	Database driver: MySQL Connector/J
	Database dialect: MySQLDialect
	Database version: 8.0.44
	Default catalog/schema: lms/undefined
	Autocommit mode: undefined/unknown
	Isolation level: REPEATABLE_READ [default REPEATABLE_READ]
	JDBC fetch size: none
	Pool: DataSourceConnectionProvider
	Minimum pool size: undefined/unknown
	Maximum pool size: undefined/unknown
2026-01-01T11:51:46.739+05:30  INFO 9427 --- [LibMgmntSystem] [main] org.hibernate.orm.core                   : HHH000489: No JTA platform available (set 'hibernate.transaction.jta.platform' to enable JTA platform integration)
2026-01-01T11:51:46.817+05:30  INFO 9427 --- [LibMgmntSystem] [main] j.LocalContainerEntityManagerFactoryBean : Initialized JPA EntityManagerFactory for persistence unit 'default'
2026-01-01T11:51:47.006+05:30  INFO 9427 --- [LibMgmntSystem] [main] o.s.d.j.r.query.QueryEnhancerFactories   : Hibernate is in classpath; If applicable, HQL parser will be used.
2026-01-01T11:51:47.638+05:30  WARN 9427 --- [LibMgmntSystem] [main] JpaBaseConfiguration$JpaWebConfiguration : spring.jpa.open-in-view is enabled by default. Therefore, database queries may be performed during view rendering. Explicitly configure spring.jpa.open-in-view to disable this warning
2026-01-01T11:51:47.723+05:30  WARN 9427 --- [LibMgmntSystem] [main] .s.a.UserDetailsServiceAutoConfiguration : 

Using generated security password: e1b94684-cb99-4f21-bc1e-bfc09fce79c4

This generated password is for development use only. Your security configuration must be updated before running your application in production.

2026-01-01T11:51:47.730+05:30  INFO 9427 --- [LibMgmntSystem] [main] r$InitializeUserDetailsManagerConfigurer : Global AuthenticationManager configured with UserDetailsService bean with name inMemoryUserDetailsManager
2026-01-01T11:51:48.665+05:30  INFO 9427 --- [LibMgmntSystem] [main] o.s.boot.tomcat.TomcatWebServer          : Tomcat started on port 6902 (http) with context path '/'
2026-01-01T11:51:48.674+05:30  INFO 9427 --- [LibMgmntSystem] [main] com.lms.demo.LibMgmntSystemApplication   : Started LibMgmntSystemApplication in 14.284 seconds (process running for 16.246)
2026-01-01T11:51:57.279+05:30  INFO 9427 --- [LibMgmntSystem] [http-nio-6902-exec-2] o.a.c.c.C.[Tomcat].[localhost].[/]       : Initializing Spring DispatcherServlet 'dispatcherServlet'
2026-01-01T11:51:57.280+05:30  INFO 9427 --- [LibMgmntSystem] [http-nio-6902-exec-2] o.s.web.servlet.DispatcherServlet        : Initializing Servlet 'dispatcherServlet'
2026-01-01T11:51:57.285+05:30  INFO 9427 --- [LibMgmntSystem] [http-nio-6902-exec-2] o.s.web.servlet.DispatcherServlet        : Completed initialization in 5 ms
2026-01-01T11:52:43.889+05:30  INFO 9427 --- [LibMgmntSystem] [SpringApplicationShutdownHook] o.s.boot.tomcat.GracefulShutdown         : Commencing graceful shutdown. Waiting for active requests to complete
2026-01-01T11:52:43.897+05:30  INFO 9427 --- [LibMgmntSystem] [tomcat-shutdown] o.s.boot.tomcat.GracefulShutdown         : Graceful shutdown complete
2026-01-01T11:52:43.911+05:30  INFO 9427 --- [LibMgmntSystem] [SpringApplicationShutdownHook] j.LocalContainerEntityManagerFactoryBean : Closing JPA EntityManagerFactory for persistence unit 'default'
2026-01-01T11:52:43.919+05:30  INFO 9427 --- [LibMgmntSystem] [SpringApplicationShutdownHook] com.zaxxer.hikari.HikariDataSource       : HikariPool-1 - Shutdown initiated...
2026-01-01T11:52:43.936+05:30  INFO 9427 --- [LibMgmntSystem] [SpringApplicationShutdownHook] com.zaxxer.hikari.HikariDataSource       : HikariPool-1 - Shutdown completed.
